[andrewch.eu/XENIA/index.html]
[backblue.gif]
[fade.gif]
[index.html]
[andrewch.eu/XENIA/assets/js/libs/owl.carousel.2.0.0-beta.2.4/css/owl.carousel.css]
[andrewch.eu/XENIA/assets/js/libs/owl.carousel.2.0.0-beta.2.4/css/owl.theme.default.css]
[andrewch.eu/XENIA/assets/css/libs/animate.min.css]
[andrewch.eu/XENIA/assets/js/libs/modernizr.custom.48287.js]
[andrewch.eu/XENIA/assets/css/theme_custom_bootstrap.min.css]
[andrewch.eu/XENIA/assets/images/logo.png]
[andrewch.eu/XENIA/room-list.html]
[andrewch.eu/XENIA/assets/css/style.css]
[andrewch.eu/XENIA/index-activities.html]
[andrewch.eu/XENIA/index-restaurant.html]
[andrewch.eu/XENIA/gallery.html]
[andrewch.eu/XENIA/blog.html]
[andrewch.eu/XENIA/contact.html]
[andrewch.eu/XENIA/assets/images/home-1.jpg]
[andrewch.eu/XENIA/assets/images/home-2.jpg]
[andrewch.eu/XENIA/assets/images/decoration-1.png]
[andrewch.eu/XENIA/assets/images/avatar-1.jpg]
[andrewch.eu/XENIA/index-spa.html]
[andrewch.eu/XENIA/assets/images/logo_spa.png]
[andrewch.eu/XENIA/index-gym.html]
[andrewch.eu/XENIA/assets/images/gym-banner.jpg]
[andrewch.eu/XENIA/assets/images/restaurant-banner.jpg]
[andrewch.eu/XENIA/assets/images/logo_restaurant.png]
[andrewch.eu/XENIA/room-single.html]
[andrewch.eu/XENIA/assets/images/room-3.jpg]
[andrewch.eu/XENIA/assets/images/room-2.jpg]
[andrewch.eu/XENIA/assets/images/avatar-2.jpg]
[andrewch.eu/XENIA/assets/images/award.png]
[andrewch.eu/XENIA/index-package-offer.html]
[andrewch.eu/XENIA/blog-boxed.html]
[andrewch.eu/XENIA/room-list-compact.html]
[andrewch.eu/XENIA/single.html]
[andrewch.eu/XENIA/booking.html]
[andrewch.eu/XENIA/404.html]
[andrewch.eu/XENIA/assets/js/config.js]
[andrewch.eu/XENIA/assets/js/libs/bootstrap.js]
[andrewch.eu/XENIA/assets/js/libs/wow.js]
[andrewch.eu/XENIA/assets/js/libs/conformity/dist/conformity.js]
[andrewch.eu/XENIA/assets/js/libs/owl.carousel.2.0.0-beta.2.4/owl.carousel.js]
[andrewch.eu/XENIA/assets/js/libs/jquery-2.1.4.js]
[andrewch.eu/XENIA/assets/js/owlslider-init.js]
[andrewch.eu/XENIA/index.html]
[andrewch.eu/XENIA/assets/favicon/apple-touch-icon-57x57.html]
[andrewch.eu/XENIA/assets/favicon/apple-touch-icon-60x60.html]
[andrewch.eu/XENIA/assets/favicon/apple-touch-icon-72x72.html]
[andrewch.eu/XENIA/assets/favicon/apple-touch-icon-76x76.html]
[andrewch.eu/XENIA/assets/favicon/apple-touch-icon-114x114.html]
[andrewch.eu/XENIA/assets/favicon/apple-touch-icon-120x120.html]
[andrewch.eu/XENIA/assets/favicon/apple-touch-icon-144x144.html]
[andrewch.eu/XENIA/assets/favicon/apple-touch-icon-152x152.html]
[andrewch.eu/XENIA/assets/favicon/apple-touch-icon-180x180.html]
[andrewch.eu/XENIA/assets/favicon/manifest.html]
[andrewch.eu/XENIA/assets/js/libs/owl.carousel.2.0.0-beta.2.4/css/owl.carousel.css]
[andrewch.eu/XENIA/assets/js/libs/owl.carousel.2.0.0-beta.2.4/css/owl.theme.default.css]
[andrewch.eu/XENIA/assets/css/libs/animate.min.css]
[andrewch.eu/XENIA/assets/css/theme_custom_bootstrap.min.css]
[andrewch.eu/XENIA/assets/js/libs/bootstrap-datetimepicker.js]
[andrewch.eu/XENIA/assets/js/theme.js]
[andrewch.eu/XENIA/assets/js/libs/moment.js]
[andrewch.eu/XENIA/assets/fonts/MonoSocialIconsFont-1.10.woff]
[andrewch.eu/XENIA/assets/fonts/MonoSocialIconsFont-1.10.ttf]
[andrewch.eu/XENIA/assets/fonts/MonoSocialIconsFont-1.10.eot]
[andrewch.eu/XENIA/assets/css/style.css]
[andrewch.eu/XENIA/assets/images/page-head-2.jpg]
[andrewch.eu/XENIA/assets/fonts/MonoSocialIconsFont-1.10.svg]
[andrewch.eu/XENIA/assets/images/room-4.jpg]
[andrewch.eu/XENIA/assets/fonts/MonoSocialIconsFont-1.10d41d.eot]
[andrewch.eu/XENIA/assets/images/room-1.jpg]
[andrewch.eu/XENIA/room-list.html]
[andrewch.eu/XENIA/location.html]
[andrewch.eu/XENIA/assets/images/home-packages.jpg]
[andrewch.eu/XENIA/assets/images/vacation-package-3.jpg]
[andrewch.eu/XENIA/assets/images/packages-banner-1.jpg]
[andrewch.eu/XENIA/assets/images/vacation-package-1.jpg]
[andrewch.eu/XENIA/assets/images/vacation-package-2.jpg]
[andrewch.eu/XENIA/assets/js/libs/jquery.isotope.js]
[andrewch.eu/XENIA/index-activities.html]
[andrewch.eu/XENIA/assets/images/home-restaurant-2.jpg]
[andrewch.eu/XENIA/assets/js/libs/parallax.js]
[andrewch.eu/XENIA/assets/images/avatar-5.jpg]
[andrewch.eu/XENIA/assets/images/restaurant-feature-1.jpg]
[andrewch.eu/XENIA/assets/images/restaurant-feature-2.jpg]
[andrewch.eu/XENIA/assets/images/restaurant-feature-3.jpg]
[andrewch.eu/XENIA/index-restaurant.html]
[andrewch.eu/XENIA/assets/images/restaurant-banner-1.jpg]
[andrewch.eu/XENIA/assets/css/libs/imagelightbox.min.css]
[andrewch.eu/XENIA/assets/images/gallery-1.jpg]
[andrewch.eu/XENIA/assets/images/gallery-4.jpg]
[andrewch.eu/XENIA/assets/images/gallery-6.jpg]
[andrewch.eu/XENIA/assets/images/gallery-3.jpg]
[andrewch.eu/XENIA/assets/images/gallery-7.jpg]
[andrewch.eu/XENIA/assets/images/gallery-2.jpg]
[andrewch.eu/XENIA/assets/images/gallery-5.jpg]
[andrewch.eu/XENIA/assets/js/libs/imagelightbox.js]
[andrewch.eu/XENIA/gallery.html]
[andrewch.eu/XENIA/assets/images/page-head-4.jpg]
[andrewch.eu/XENIA/assets/images/blog-classic-2.jpg]
[andrewch.eu/XENIA/assets/images/blog-classic-1.jpg]
[andrewch.eu/XENIA/assets/images/blog-classic-3.jpg]
[andrewch.eu/XENIA/assets/images/widget-post-1.jpg]
[andrewch.eu/XENIA/assets/images/widget-post-2.jpg]
[andrewch.eu/XENIA/assets/images/widget-post-3.jpg]
[andrewch.eu/XENIA/blog.html]
[andrewch.eu/XENIA/assets/images/page-head-3.jpg]
[andrewch.eu/XENIA/assets/images/newsletter-banner-1.jpg]
[andrewch.eu/XENIA/assets/js/googlemaps.js]
[andrewch.eu/XENIA/contact.html]
[andrewch.eu/XENIA/assets/images/home-spa.jpg]
[andrewch.eu/XENIA/assets/js/contact_form.js]
[andrewch.eu/XENIA/spa_treatment_details.html]
[andrewch.eu/XENIA/assets/images/spa-service-1.jpg]
[andrewch.eu/XENIA/assets/images/spa-service-2.jpg]
[andrewch.eu/XENIA/assets/images/spa-service-3.jpg]
[andrewch.eu/XENIA/assets/images/spa-service-4.jpg]
[andrewch.eu/XENIA/assets/images/spa-banner-1.jpg]
[andrewch.eu/XENIA/assets/images/spa-post-1.jpg]
[andrewch.eu/XENIA/assets/images/spa-post-2.jpg]
[andrewch.eu/XENIA/assets/images/spa-post-3.jpg]
[andrewch.eu/XENIA/index-spa.html]
[andrewch.eu/XENIA/assets/images/spa-banner.jpg]
[andrewch.eu/XENIA/assets/images/home-gym.jpg]
[andrewch.eu/XENIA/assets/images/gym-1.jpg]
[andrewch.eu/XENIA/assets/images/gym-post-1.jpg]
[andrewch.eu/XENIA/assets/images/gym-post-2.jpg]
[andrewch.eu/XENIA/index-gym.html]
[andrewch.eu/XENIA/assets/images/gym-post-3.jpg]
[andrewch.eu/XENIA/assets/images/logo_gym.png]
[andrewch.eu/XENIA/assets/images/page-head-1.jpg]
[andrewch.eu/XENIA/assets/images/room-single-image.jpg]
[andrewch.eu/XENIA/assets/images/avatar-4.jpg]
[andrewch.eu/XENIA/assets/images/booking-form-widget-bg.jpg]
[andrewch.eu/XENIA/assets/images/book-widget-bg.jpg]
[andrewch.eu/XENIA/assets/images/tripadvisor-widget-bg.jpg]
[andrewch.eu/XENIA/assets/images/widget-tripadvisor.png]
[andrewch.eu/XENIA/room-single.html]
[andrewch.eu/XENIA/assets/images/avatar-3.jpg]
[andrewch.eu/XENIA/assets/images/home-offer.jpg]
[andrewch.eu/XENIA/assets/images/offer-image-2.jpg]
[andrewch.eu/XENIA/assets/images/offer-banner-1.jpg]
[andrewch.eu/XENIA/assets/images/decoration-1-inverted.png]
[andrewch.eu/XENIA/index-package-offer.html]
[andrewch.eu/XENIA/assets/images/page-head-5.jpg]
[andrewch.eu/XENIA/assets/images/blog-boxed-1.jpg]
[andrewch.eu/XENIA/assets/images/blog-boxed-2.jpg]
[andrewch.eu/XENIA/assets/images/blog-boxed-4.jpg]
[andrewch.eu/XENIA/assets/images/blog-boxed-3.jpg]
[andrewch.eu/XENIA/assets/images/blog-boxed-5.jpg]
[andrewch.eu/XENIA/assets/images/blog-boxed-6.jpg]
[andrewch.eu/XENIA/blog-boxed.html]
[andrewch.eu/XENIA/room-list-compact.html]
[andrewch.eu/XENIA/single.html]
[andrewch.eu/XENIA/assets/images/book-widget-bg-2.jpg]
[andrewch.eu/XENIA/booking.html]
[andrewch.eu/XENIA/404.html]
[andrewch.eu/XENIA/images/form-selector.html]
[andrewch.eu/XENIA/assets/images/luna-controls-twitter.html]
[andrewch.eu/XENIA/assets/images/demos_page/monitor.html]
[andrewch.eu/XENIA/assets/css/fonts/Stroke-Gap-Icons.html]
[andrewch.eu/XENIA/assets/fonts/MonoSocialIconsFont-1.10.svg]
[andrewch.eu/XENIA/assets/images/page-head-6.jpg]
[andrewch.eu/XENIA/assets/images/home-location.jpg]
[andrewch.eu/XENIA/assets/images/location-1.jpg]
[andrewch.eu/XENIA/assets/images/location-2.jpg]
[andrewch.eu/XENIA/location.html]
[andrewch.eu/XENIA/assets/images/location-3.jpg]
[andrewch.eu/XENIA/assets/images/banner-2.jpg]
[andrewch.eu/XENIA/assets/css/libs/imagelightbox.min.css]
[andrewch.eu/XENIA/assets/images/ajax-loader.html]
[andrewch.eu/XENIA/assets/js/libs/snap.svg-min.js]
[andrewch.eu/XENIA/spa_treatment_details.html]
[andrewch.eu/XENIA/assets/js/libs/svgLoader.js]
[andrewch.eu/XENIA/assets/js/loader.js]
[andrewch.eu/XENIA/assets/images/gym-2.jpg]
[andrewch.eu/XENIA/assets/images/home-banner-1.jpg]
[andrewch.eu/XENIA/assets/images/offer-image-1.jpg]
[andrewch.eu/XENIA/spa_service_details.html]
